INFO         | Android emulator version 37.1.11.0 (build_id 15917651) (CL:N/A)
INFO         | Graphics backend: gfxstream
INFO         | Found systemPath C:/Users/oikan/AppData/Local/Android/Sdk\system-images\android-35\google_apis\x86_64\
INFO         | Saving last run QEMU version for the AVD to 2
INFO         | Increasing RAM size to 2560MB
INFO         | IPv4 server found: 127.0.2.2
INFO         | Ignore IPv6 address: f878:778a:7702:0:8073:778a:7702:0
INFO         | Ignore IPv6 address: f878:778a:7702:0:8073:778a:7702:0
INFO         | Ignore IPv6 address: f878:778a:7702:0:8073:778a:7702:0
INFO         | Ignore IPv6 address: 107f:778a:7702:0:8073:778a:7702:0
INFO         | Ignore IPv6 address: 107f:778a:7702:0:8073:778a:7702:0
INFO         | Ignore IPv6 address: 107f:778a:7702:0:8073:778a:7702:0
INFO         | Ignore IPv6 address: 1893:778a:7702:0:8073:778a:7702:0
INFO         | Ignore IPv6 address: 1893:778a:7702:0:8073:778a:7702:0
INFO         | Ignore IPv6 address: 1893:778a:7702:0:8073:778a:7702:0
INFO         | Ignore IPv6 address: 99:778a:7702:0:8073:778a:7702:0
INFO         | Ignore IPv6 address: 99:778a:7702:0:8073:778a:7702:0
INFO         | Ignore IPv6 address: 99:778a:7702:0:8073:778a:7702:0
INFO         | Ignore IPv6 address: 98a0:778a:7702:0:8073:778a:7702:0
INFO         | Ignore IPv6 address: 98a0:778a:7702:0:8073:778a:7702:0
INFO         | Ignore IPv6 address: 98a0:778a:7702:0:8073:778a:7702:0
INFO         | Guest GLES Driver: Auto (ext controls)
INFO         | emuglConfig_init: vulkan_mode_selected:host gles_mode_selected:host
INFO         | emuglConfig_get_vulkan_hardware_gpu_support_info: Found physical GPU 'NVIDIA GeForce RTX 4090 Laptop GPU', type: VK_PHYSICAL_DEVICE_TYPE_DISCRETE_GPU, apiVersion: 1.4.351, driverVersion: 616.56

INFO         | emuglConfig_get_vulkan_hardware_gpu_support_info: Found physical GPU 'Intel(R) RaptorLake-S Mobile Graphics Controller', type: VK_PHYSICAL_DEVICE_TYPE_INTEGRATED_GPU, apiVersion: 1.3.250, driverVersion: 0.405.406

INFO         | Checking system compatibility:
INFO         |   Checking: hasCompatibleHypervisor
INFO         |      Ok: Hypervisor compatibility to run avd: `pixel8` are met
INFO         |   Checking: hasSufficientSystem
INFO         |      Ok: System requirements to run avd: `pixel8` are met
INFO         |   Checking: hasSufficientHwGpu
INFO         |      Ok: Hardware GPU requirements to run avd: `pixel8` are passed
INFO         |   Checking: hasSufficientDiskSpace
INFO         |      Ok: Disk space requirements to run avd: `pixel8` are met
WARNING      | Failed to process .ini file C:\Users\oikan\.android\avd\..\avd\pixel8.avd\quickbootChoice.ini for reading.
INFO         | Critical: Failed to load opengl32sw (The specified module could not be found.) (:0, )
INFO         | Warning: Software OpenGL failed. Falling back to system OpenGL. (:0, )
INFO         | Storing crashdata in: C:\Users\oikan\AppData\Local\Temp\\AndroidEmulator\emu-crash-37.1.11.db, detection is enabled for process: 41516
INFO         | Initializing gfxstream backend
INFO         | startOpenglesRendererImpl: gpu info
INFO         | GPU #1
  Make: 10de
  Model: NVIDIA GeForce RTX 4090 Laptop GPU
  Device ID: 2757

INFO         | Disabling implicit Vulkan layers to avoid compatibility issues. Set VK_LOADER_LAYERS_DISABLE manually to disable this behavior.
INFO         | SharedLibrary::open for [C:\Users\oikan\AppData\Local\Android\Sdk\emulator\qemu\windows-x86_64\lib64\vulkan\vulkan-1.dll]
INFO         | SharedLibrary::open for [C:\Users\oikan\AppData\Local\Android\Sdk\emulator\lib64\vulkan\vulkan-1.dll]
INFO         | Added library: C:\Users\oikan\AppData\Local\Android\Sdk\emulator\lib64\vulkan\vulkan-1.dll
INFO         | Selecting Vulkan device: NVIDIA GeForce RTX 4090 Laptop GPU, Version: 1.4.351
INFO         | Using Vulkan externalMemoryMode: OpaqueWin32 for VkEmulation
INFO         | Initializing VkEmulation features:
INFO         |     glInteropSupported: true
INFO         |     useDeferredCommands: true
INFO         |     createResourceWithRequirements: true
INFO         |     useVulkanComposition: false
INFO         |     useVulkanNativeSwapchain: false
INFO         |     enable guestRenderDoc: false
INFO         |     ASTC LDR emulation mode: Gpu
INFO         |     enable ETC2 emulation: true
INFO         |     enable Ycbcr emulation: false
INFO         |     guestVulkanOnly: false
INFO         |     useDedicatedAllocations: false
INFO         |     guestVulkanMaxApiVersion: 1.3.0
INFO         |     enableProtectedMemoryEmulation: false
INFO         | Graphics Adapter Vendor Google (NVIDIA Corporation)
INFO         | Graphics Adapter Android Emulator OpenGL ES Translator (NVIDIA GeForce RTX 4090 Laptop GPU/PCIe/SSE2)
INFO         | Graphics API Version OpenGL ES 3.0 (4.5.0 NVIDIA 616.56)
INFO         | Graphics API Extensions GL_OES_EGL_sync GL_OES_EGL_image GL_OES_EGL_image_external GL_OES_depth24 GL_OES_depth32 GL_OES_element_index_uint GL_OES_texture_float GL_OES_texture_float_linear GL_OES_compressed_paletted_texture GL_OES_compressed_ETC1_RGB8_texture GL_OES_depth_texture GL_OES_texture_half_float GL_OES_texture_half_float_linear GL_OES_packed_depth_stencil GL_OES_vertex_half_float GL_OES_texture_npot GL_OES_rgb8_rgba8 GL_OVR_multiview2 GL_EXT_multiview_texture_multisample GL_EXT_color_buffer_float GL_EXT_color_buffer_half_float GL_EXT_texture_format_BGRA8888 GL_APPLE_texture_format_BGRA8888 GL_EXT_texture_buffer 
INFO         | Graphics Device Extensions N/A
INFO         | Disabling sparse binding feature support
INFO         | Sending adb public key [QAAAAFGWvmNPjdXOFFySAr3QFDtEudiz2D0chEqbdj6Dyx0q3BhKS36TEO/RxClD+qWxqaKlDLpT/HFi5msyO9AAI+mx4qIw9hM5CEGBBSe3CZi2+y+15tNyWQx6FN3OaaItO/sXl2wURdrCQnO/dwzdPY5lRT/W9orLNN3+Sd9zQOq975OudUa5C7U3wiqIJU6c+mLgOS+at8UIgWZVOuFtlMJcF0P3D1FfFqoSHvi7aEdHtgncFgwuVK6REx/0MlwgosvowxskxONQydzMjQzq9prvRxCKKEmK+XfoT9ifg33nB5CUEHf2KHkwpA2znftEcZttlnoNsz8jY5TeB60qguPHzLTBN89Wh5KN+QXPrW5kBM+J1TZy6lHT4oubf1JU7qPjRK1DLcK7M98Iq8tNh5ykNQXp5Nmyc3M+vFn/gCnjXDq40brWxJdmTxfWRPKT0Aq0fRwhxIqnTsXwZ7+Jfejw6kj0AyWTD+m1I7dIlzrdrsbd087e765ele3euI5oBoaanJWQ0zV08hIzgN4YAVd6fcoyQDmH7dJxlvbv1h75/brWo5gm7V5Oor79pwTjS3kAhbSBlUHtQKfb+xMGa/XQeULy0WB6KkVVJJHwgyS1uEq6bQQ4QUnYS4w237/shznHK+bX7VF3o/4JCffRUmixeKOys5WL019XDT/40q0d8D2tVQEAAQA= @unknown]
INFO         | Userspace boot properties:
INFO         |   androidboot.boot_devices=pci0000:00/0000:00:03.0 pci0000:00/0000:00:06.0
INFO         |   androidboot.dalvik.vm.heapsize=576m
INFO         |   androidboot.debug.hwui.renderer=skiagl
INFO         |   androidboot.debug.sf.nobootanimation=1
INFO         |   androidboot.hardware=ranchu
INFO         |   androidboot.hardware.gltransport=pipe
INFO         |   androidboot.hardware.vulkan=ranchu
INFO         |   androidboot.logcat=*:V
INFO         |   androidboot.opengles.version=196609
INFO         |   androidboot.qemu=1
INFO         |   androidboot.qemu.adb.pubkey=QAAAAFGWvmNPjdXOFFySAr3QFDtEudiz2D0chEqbdj6Dyx0q3BhKS36TEO/RxClD+qWxqaKlDLpT/HFi5msyO9AAI+mx4qIw9hM5CEGBBSe3CZi2+y+15tNyWQx6FN3OaaItO/sXl2wURdrCQnO/dwzdPY5lRT/W9orLNN3+Sd9zQOq975OudUa5C7U3wiqIJU6c+mLgOS+at8UIgWZVOuFtlMJcF0P3D1FfFqoSHvi7aEdHtgncFgwuVK6REx/0MlwgosvowxskxONQydzMjQzq9prvRxCKKEmK+XfoT9ifg33nB5CUEHf2KHkwpA2znftEcZttlnoNsz8jY5TeB60qguPHzLTBN89Wh5KN+QXPrW5kBM+J1TZy6lHT4oubf1JU7qPjRK1DLcK7M98Iq8tNh5ykNQXp5Nmyc3M+vFn/gCnjXDq40brWxJdmTxfWRPKT0Aq0fRwhxIqnTsXwZ7+Jfejw6kj0AyWTD+m1I7dIlzrdrsbd087e765ele3euI5oBoaanJWQ0zV08hIzgN4YAVd6fcoyQDmH7dJxlvbv1h75/brWo5gm7V5Oor79pwTjS3kAhbSBlUHtQKfb+xMGa/XQeULy0WB6KkVVJJHwgyS1uEq6bQQ4QUnYS4w237/shznHK+bX7VF3o/4JCffRUmixeKOys5WL019XDT/40q0d8D2tVQEAAQA= @unknown
INFO         |   androidboot.qemu.avd_name=pixel8
INFO         |   androidboot.qemu.camera_hq_edge_processing=0
INFO         |   androidboot.qemu.camera_protocol_ver=1
INFO         |   androidboot.qemu.cpuvulkan.version=4206592
INFO         |   androidboot.qemu.gltransport.drawFlushInterval=800
INFO         |   androidboot.qemu.gltransport.name=pipe
INFO         |   androidboot.qemu.hwcodec.avcdec=2
INFO         |   androidboot.qemu.hwcodec.hevcdec=2
INFO         |   androidboot.qemu.hwcodec.vpxdec=2
INFO         |   androidboot.qemu.settings.system.screen_off_timeout=2147483647
INFO         |   androidboot.qemu.skin=1080x2400
INFO         |   androidboot.qemu.virtiowifi=1
INFO         |   androidboot.qemu.vsync=60
INFO         |   androidboot.serialno=EMULATOR37X1X11X0
INFO         |   androidboot.vbmeta.digest=b3271ba499104f4631ae3723913d5c12574e01715fce5b82d60beed097ead264
INFO         |   androidboot.vbmeta.hash_alg=sha256
INFO         |   androidboot.vbmeta.size=6720
INFO         |   androidboot.veritymode=enforcing
WHPX on Windows 10.0.26200 detected.
Windows Hypervisor Platform accelerator is operational
netsimd I 09-05 09:31:44.134 external/netsim+/rust/daemon/src\rust_main.rs:93 - netsim artifacts path: "C:\\Users\\oikan\\AppData\\Local\\Temp\\netsimd"
netsimd I 09-05 09:31:44.135 external/netsim+/rust/daemon/src\rust_main.rs:96 - NetsimdArgs {
    fd_startup_str: None,
    no_cli_ui: true,
    no_web_ui: true,
    pcap: false,
    disable_address_reuse: false,
    hci_port: None,
    connector_instance: None,
    instance: None,
    logtostderr: false,
    dev: false,
    forward_host_mdns: false,
    vsock: None,
    config: None,
    host_dns: Some(
        "127.0.2.2,::ffff:127.0.2.2,::ffff:127.0.2.3",
    ),
    http_proxy: None,
    wifi_tap: None,
    wifi: None,
    test_beacons: false,
    no_test_beacons: false,
    no_shutdown: false,
    verbose: false,
    version: false,
    debug: DebugArgs {
        debug_no_traffic: false,
        debug_no_network: false,
        debug_no_wmedium: false,
        debug_no_mdns_wmedium: false,
        debug_no_guest_to_host_mdns: false,
    },
    rssi: None,
}
INFO         | Monitoring duration of emulator setup.
WARNING      | The emulator now requires a signed jwt token for gRPC access! Use the -grpc flag if you really want an open unprotected grpc port
INFO         | Using security allow list from: C:\Users\oikan\AppData\Local\Android\Sdk\emulator\lib\emulator_access.json
INFO         | The active JSON Web Key Sets can be found here: C:\Users\oikan\AppData\Local\Temp\avd\running\41516\jwks\294b1237-6ac3-40f1-bba0-a1bd19b022b3\active.jwk
INFO         | Scanning C:\Users\oikan\AppData\Local\Temp\avd\running\41516\jwks\294b1237-6ac3-40f1-bba0-a1bd19b022b3 for jwk keys.
INFO         | Started GRPC server at 127.0.0.1:8554, security: Local, auth: +token
INFO         | Advertising in: C:\Users\oikan\AppData\Local\Temp\avd\running\pid_41516.ini
INFO         | Successfully initialized netsim WiFi
INFO         | Activated packet streamer for bluetooth emulation
INFO         | Setting display: 0 configuration to: 1080x2400, dpi: 420x420 
INFO         | setDisplayActiveConfig: id:0, 1080x2400
INFO         | Checking system compatibility:
INFO         |   Checking: hasCompatibleHypervisor
INFO         |      Ok: Hypervisor compatibility to run avd: `pixel8` are met
INFO         |   Checking: hasSufficientSystem
INFO         |      Ok: System requirements to run avd: `pixel8` are met
INFO         |   Checking: hasSufficientHwGpu
INFO         |      Ok: Hardware GPU requirements to run avd: `pixel8` are passed
INFO         |   Checking: hasSufficientDiskSpace
INFO         |      Ok: Disk space requirements to run avd: `pixel8` are met
INFO         | emulatorSetupEnvironment: Environment scene is not required
USER_INFO    | Emulator is performing a full startup. This may take upto two minutes, or more.
INFO         | Warning: QMetaObject::connectSlotsByName: No matching signal for on_rgbcSensorValueWidget_valueChanged() (:0, )
INFO         | Warning: QMetaObject::connectSlotsByName: No matching signal for on_posture_valueChanged(int) (:0, )
INFO         | TouchpadHolder: registering via hw_xr_led agent for instance=00000278C8C38E30
INFO         | Warning: QObject::connect: Cannot queue arguments of type 'std::vector<android::emulation::control::SnapshotInfo>'
(Make sure 'std::vector<android::emulation::control::SnapshotInfo>' is registered using qRegisterMetaType().) (:0, )
INFO         | AVD supportsNativeGLES=1, supportsGuestAngle=1
INFO         | Created extended window in 270.184ms
INFO         | Critical: UpdateLayeredWindowIndirect failed for ptDst=(233, 195), size=(450x32), dirty=(450x33 0, 0) (A device attached to the system is not functioning.) (:0, )
INFO         | Boot completed in 40352 ms
