Warning: You are sending unauthenticated requests to the HF Hub. Please set a HF_TOKEN to enable higher rate limits and faster downloads.
E:\Enigma for Masai\server\.venv\Lib\site-packages\torch\nn\modules\rnn.py:1011: UserWarning: dropout option adds dropout after all but last recurrent layer, so non-zero dropout expects num_layers greater than 1, but got dropout=0.2 and num_layers=1
  super().__init__("LSTM", *args, **kwargs)
E:\Enigma for Masai\server\.venv\Lib\site-packages\torch\nn\utils\weight_norm.py:145: FutureWarning: `torch.nn.utils.weight_norm` is deprecated in favor of `torch.nn.utils.parametrizations.weight_norm`.
  WeightNorm.apply(module, name, dim)
E:\Enigma for Masai\server\.venv\Lib\site-packages\torch\jit\_script.py:1491: FutureWarning: `torch.jit.script` is deprecated. Please switch to `torch.compile` or `torch.export`.
  warnings.warn(
[tts] KPipeline ready on cuda in 3.44s
[tts] VRAM after load: 11286 / 16376 MiB
[tts] sample_answer_vague: voice=af_heart audio=18.4s tokens=63 with_ts=63 first_audio=189ms total=0.19s RTF=0.010
       'So'           'sˌO'          0.30-0.62s
       ','            ','            0.62-0.70s
       'in'           'ɪn'           0.70-0.79s
       'my'           'mI'           0.79-0.99s
       'final-year'   'fˈInᵊljˌɪɹ'   0.99-1.52s
[tts] sample_answer_strong: voice=am_michael audio=28.8s tokens=77 with_ts=77 first_audio=592ms total=0.59s RTF=0.021
       'In'           'ɪn'           0.40-0.49s
       'my'           'mI'           0.49-0.68s
       'internship'   'ˈɪntˌɜɹnʃˌɪp' 0.68-1.32s
       'at'           'æt'           1.32-1.41s
       'a'            'ɐ'            1.41-1.48s
[tts] sample_answer_generic: voice=af_heart audio=17.2s tokens=50 with_ts=50 first_audio=142ms total=0.14s RTF=0.008
       'I'            'ˌI'           0.28-0.42s
       'am'           'ɐm'           0.42-0.51s
       'a'            'ɐ'            0.51-0.57s
       'very'         'vˈɛɹi'        0.57-0.89s
       'passionate'   'pˈæʃᵊnət'     0.89-1.43s
[tts] sample_answer_team: voice=am_michael audio=18.6s tokens=53 with_ts=53 first_audio=145ms total=0.15s RTF=0.008
       'In'           'ɪn'           0.40-0.49s
       'our'          'ˌWəɹ'         0.49-0.66s
       'college'      'kˈɑlɪʤ'       0.66-1.15s
       'project'      'pɹˈɑʤˌɛkt'    1.15-1.82s
       'we'           'wi'           1.82-1.99s
[tts] RESULT: PASS
